// Jest Snapshot v1, https://goo.gl/fbAQLP

exports[`snapshot 1`] = `
<div>
  <div
    class="home"
  >
    <p>
      This is home page. Choose section in menu.
    </p>
  </div>
</div>
`;
